id,name,firstname
2,Dupont,Dupont
1,Foo,Bar
3,Odersky,Martin